BUILD_START 2026-07-11T06:39:19Z
offline mode
ninja: Entering directory `out/ASan'


disable fast local for non-interactive: fastlocal=1->0
 use `--fast_local` to enable fast local with non-interactive mode
schedule pending:1+ready:0 (node:75454 edge:2)
build start: Ready 1 Pending 1
rebuild manifest finished

loading build.ninja... done 745.795016ms
load siso config done 69.480062ms
schedule pending:1+ready:0 (node:472293 edge:2)
build start: Ready 1 Pending 1
rebuild manifest finished
schedule pending:1+ready:0 (node:472293 edge:3)
build start: Ready 5191 Pending 55848
[0/436] 2.49s S CXX obj/content/test/content_browsertests/webrtc_stress_source_switch_browsertest.o obj/content/test/content_browsertests/webrtc_stress_source_switch_browsertest.dwo
[0/434] 2.49s S CXX obj/content/test/content_browsertests/back_forward_cache_not_restored_reasons_browsertest.o obj/content/test/content_browsertests/back_forward_cache_not_restored_reasons_browsertest.dwo
[0/382] 2.49s S CXX obj/content/test/content_browsertests/scroll_latency_browsertest.o obj/content/test/content_browsertests/scroll_latency_browsertest.dwo
[0/375] 2.49s S CXX obj/content/test/content_browsertests/file_system_access_clipboard_browsertest.o obj/content/test/content_browsertests/file_system_access_clipboard_browsertest.dwo
[0/369] 2.49s S CXX obj/content/test/content_browsertests/shared_storage_private_aggregation_browsertest.o obj/content/test/content_browsertests/shared_storage_private_aggregation_browsertest.dwo
[0/312] 2.49s S CXX obj/content/test/content_browsertests/site_per_process_browsertest.o obj/content/test/content_browsertests/site_per_process_browsertest.dwo
[0/309] 2.49s S CXX obj/content/test/content_browsertests/site_per_process_mixed_content_browsertest.o obj/content/test/content_browsertests/site_per_process_mixed_content_browsertest.dwo
[0/309] 2.49s S CXX obj/content/test/content_browsertests/loader_browsertest.o obj/content/test/content_browsertests/loader_browsertest.dwo
[0/300] 2.49s S CXX obj/content/test/content_browsertests/keyboard_lock_browsertest.o obj/content/test/content_browsertests/keyboard_lock_browsertest.dwo
[0/295] 2.49s S CXX obj/content/test/content_browsertests/back_forward_cache_features_browsertest.o obj/content/test/content_browsertests/back_forward_cache_features_browsertest.dwo
[0/275] 2.49s S CXX obj/content/test/content_browsertests/local_network_access_deprecation_browsertest.o obj/content/test/content_browsertests/local_network_access_deprecation_browsertest.dwo
[0/263] 2.49s S CXX obj/content/test/content_browsertests/media_suspend_browsertest.o obj/content/test/content_browsertests/media_suspend_browsertest.dwo
[0/258] 2.49s S CXX obj/content/test/content_browsertests/fullscreen_browsertest.o obj/content/test/content_browsertests/fullscreen_browsertest.dwo
[0/257] 2.49s S CXX obj/content/test/content_browsertests/back_forward_cache_internal_browsertest.o obj/content/test/content_browsertests/back_forward_cache_internal_browsertest.dwo
[0/257] 2.49s S CXX obj/content/test/content_browsertests/mouse_latency_browsertest.o obj/content/test/content_browsertests/mouse_latency_browsertest.dwo
[0/240] 2.50s S CXX obj/content/test/content_browsertests/background_tracing_manager_browsertest.o obj/content/test/content_browsertests/background_tracing_manager_browsertest.dwo
[0/233] 2.50s S CXX obj/content/test/content_browsertests/dom_storage_browsertest.o obj/content/test/content_browsertests/dom_storage_browsertest.dwo
[0/225] 2.50s S CXX obj/content/test/content_browsertests/view_transition_browsertest.o obj/content/test/content_browsertests/view_transition_browsertest.dwo
[0/207] 2.50s S CXX obj/content/test/content_browsertests/unbounded_element_browsertest.o obj/content/test/content_browsertests/unbounded_element_browsertest.dwo
[0/207] 2.50s S CXX obj/content/test/content_browsertests/site_per_process_layout_browsertest.o obj/content/test/content_browsertests/site_per_process_layout_browsertest.dwo
[0/206] 2.50s S CXX obj/content/test/content_browsertests/devtools_fetch_get_response_body_browsertest.o obj/content/test/content_browsertests/devtools_fetch_get_response_body_browsertest.dwo
[0/195] 2.50s S CXX obj/content/test/content_browsertests/dump_accessibility_tree_browsertest.o obj/content/test/content_browsertests/dump_accessibility_tree_browsertest.dwo
[0/185] 2.50s S CXX obj/content/test/content_browsertests/file_chooser_impl_browsertest.o obj/content/test/content_browsertests/file_chooser_impl_browsertest.dwo
[0/185] 2.50s S CXX obj/content/test/content_browsertests/file_system_access_observer_browsertest.o obj/content/test/content_browsertests/file_system_access_observer_browsertest.dwo
[0/182] 2.50s S CXX obj/content/test/content_browsertests/dump_accessibility_scripts_browsertest.o obj/content/test/content_browsertests/dump_accessibility_scripts_browsertest.dwo
[0/171] 2.50s S CXX obj/content/test/content_browsertests/prerender_browsertest.o obj/content/test/content_browsertests/prerender_browsertest.dwo
[0/162] 2.51s S CXX obj/content/test/content_browsertests/devtools_trust_token_browsertest.o obj/content/test/content_browsertests/devtools_trust_token_browsertest.dwo
[0/160] 2.51s S CXX obj/content/test/content_browsertests/render_thread_impl_browsertest.o obj/content/test/content_browsertests/render_thread_impl_browsertest.dwo
[0/152] 2.51s S CXX obj/content/test/content_browsertests/dump_accessibility_events_browsertest.o obj/content/test/content_browsertests/dump_accessibility_events_browsertest.dwo
[0/151] 2.51s S CXX obj/content/test/content_browsertests/page_lifecycle_state_manager_browsertest.o obj/content/test/content_browsertests/page_lifecycle_state_manager_browsertest.dwo
[0/147] 2.51s S CXX obj/content/test/content_browsertests/document_service_browsertest.o obj/content/test/content_browsertests/document_service_browsertest.dwo
[0/146] 2.51s S CXX obj/content/test/content_browsertests/speculative_render_view_host_browsertest.o obj/content/test/content_browsertests/speculative_render_view_host_browsertest.dwo
[0/139] 2.51s S CXX obj/content/test/content_browsertests/indexed_db_transaction_feature_observer_browsertest.o obj/content/test/content_browsertests/indexed_db_transaction_feature_observer_browsertest.dwo
[0/127] 2.52s S CXX obj/content/test/content_browsertests/accessibility_ipc_error_browsertest.o obj/content/test/content_browsertests/accessibility_ipc_error_browsertest.dwo
[0/122] 2.52s S CXX obj/content/test/content_browsertests/generated_code_cache_browsertest.o obj/content/test/content_browsertests/generated_code_cache_browsertest.dwo
[0/121] 2.52s S CXX obj/content/test/content_browsertests/input_event_browsertest.o obj/content/test/content_browsertests/input_event_browsertest.dwo
[0/118] 2.52s S CXX obj/content/test/content_browsertests/frame_tree_browsertest.o obj/content/test/content_browsertests/frame_tree_browsertest.dwo
[0/117] 2.52s S CXX obj/content/test/content_browsertests/indexed_db_browsertest.o obj/content/test/content_browsertests/indexed_db_browsertest.dwo
[0/110] 2.52s S CXX obj/content/test/content_browsertests/nav_prefetch_browsertest.o obj/content/test/content_browsertests/nav_prefetch_browsertest.dwo
[0/104] 2.52s S CXX obj/content/test/content_browsertests/navigation_policy_container_builder_browsertest.o obj/content/test/content_browsertests/navigation_policy_container_builder_browsertest.dwo
[0/103] 2.52s S CXX obj/content/test/content_browsertests/page_impl_browsertest.o obj/content/test/content_browsertests/page_impl_browsertest.dwo
[0/96] 2.52s S CXX obj/content/test/content_browsertests/navigation_handle_user_data_browsertest.o obj/content/test/content_browsertests/navigation_handle_user_data_browsertest.dwo
[0/48] 2.53s S CXX obj/content/test/content_browsertests/synthetic_input_browsertest.o obj/content/test/content_browsertests/synthetic_input_browsertest.dwo
[0/47] 2.53s S CXX obj/content/test/content_browsertests/proactively_swap_browsing_instances_browsertest.o obj/content/test/content_browsertests/proactively_swap_browsing_instances_browsertest.dwo
[0/46] 2.53s S CXX obj/content/test/content_browsertests/trust_token_browsertest.o obj/content/test/content_browsertests/trust_token_browsertest.dwo
[0/46] 21.30s F CXX obj/content/test/content_browsertests/devtools_fetch_get_response_body_browsertest.o obj/content/test/content_browsertests/devtools_fetch_get_response_body_browsertest.dwo
[1/46] 24.85s F CXX obj/content/test/content_browsertests/render_thread_impl_browsertest.o obj/content/test/content_browsertests/render_thread_impl_browsertest.dwo
[2/46] 32.47s F CXX obj/content/test/content_browsertests/fullscreen_browsertest.o obj/content/test/content_browsertests/fullscreen_browsertest.dwo
[3/46] 33.01s F CXX obj/content/test/content_browsertests/file_system_access_clipboard_browsertest.o obj/content/test/content_browsertests/file_system_access_clipboard_browsertest.dwo
[4/46] 33.15s F CXX obj/content/test/content_browsertests/document_service_browsertest.o obj/content/test/content_browsertests/document_service_browsertest.dwo
[5/46] 33.65s F CXX obj/content/test/content_browsertests/media_suspend_browsertest.o obj/content/test/content_browsertests/media_suspend_browsertest.dwo
[6/46] 34.19s F CXX obj/content/test/content_browsertests/speculative_render_view_host_browsertest.o obj/content/test/content_browsertests/speculative_render_view_host_browsertest.dwo
[7/46] 34.75s F CXX obj/content/test/content_browsertests/accessibility_ipc_error_browsertest.o obj/content/test/content_browsertests/accessibility_ipc_error_browsertest.dwo
[8/46] 34.79s F CXX obj/content/test/content_browsertests/indexed_db_transaction_feature_observer_browsertest.o obj/content/test/content_browsertests/indexed_db_transaction_feature_observer_browsertest.dwo
[9/46] 34.87s F CXX obj/content/test/content_browsertests/scroll_latency_browsertest.o obj/content/test/content_browsertests/scroll_latency_browsertest.dwo
[10/46] 34.94s F CXX obj/content/test/content_browsertests/dump_accessibility_scripts_browsertest.o obj/content/test/content_browsertests/dump_accessibility_scripts_browsertest.dwo
[11/46] 35.19s F CXX obj/content/test/content_browsertests/local_network_access_deprecation_browsertest.o obj/content/test/content_browsertests/local_network_access_deprecation_browsertest.dwo
[12/46] 35.29s F CXX obj/content/test/content_browsertests/unbounded_element_browsertest.o obj/content/test/content_browsertests/unbounded_element_browsertest.dwo
[13/46] 35.51s F CXX obj/content/test/content_browsertests/navigation_handle_user_data_browsertest.o obj/content/test/content_browsertests/navigation_handle_user_data_browsertest.dwo
[14/46] 35.56s F CXX obj/content/test/content_browsertests/background_tracing_manager_browsertest.o obj/content/test/content_browsertests/background_tracing_manager_browsertest.dwo
[15/46] 36.18s F CXX obj/content/test/content_browsertests/page_lifecycle_state_manager_browsertest.o obj/content/test/content_browsertests/page_lifecycle_state_manager_browsertest.dwo
[16/46] 36.20s F CXX obj/content/test/content_browsertests/devtools_trust_token_browsertest.o obj/content/test/content_browsertests/devtools_trust_token_browsertest.dwo
[16/46] 36.20s F CXX obj/content/test/content_browsertests/site_per_process_mixed_content_browsertest.o obj/content/test/content_browsertests/site_per_process_mixed_content_browsertest.dwo
[18/46] 36.41s F CXX obj/content/test/content_browsertests/file_chooser_impl_browsertest.o obj/content/test/content_browsertests/file_chooser_impl_browsertest.dwo
[19/46] 37.33s F CXX obj/content/test/content_browsertests/navigation_policy_container_builder_browsertest.o obj/content/test/content_browsertests/navigation_policy_container_builder_browsertest.dwo
[20/46] 37.46s F CXX obj/content/test/content_browsertests/dump_accessibility_events_browsertest.o obj/content/test/content_browsertests/dump_accessibility_events_browsertest.dwo
[21/46] 37.68s F CXX obj/content/test/content_browsertests/page_impl_browsertest.o obj/content/test/content_browsertests/page_impl_browsertest.dwo
[22/46] 38.01s F CXX obj/content/test/content_browsertests/keyboard_lock_browsertest.o obj/content/test/content_browsertests/keyboard_lock_browsertest.dwo
[23/46] 38.70s F CXX obj/content/test/content_browsertests/loader_browsertest.o obj/content/test/content_browsertests/loader_browsertest.dwo
[24/46] 38.82s F CXX obj/content/test/content_browsertests/dump_accessibility_tree_browsertest.o obj/content/test/content_browsertests/dump_accessibility_tree_browsertest.dwo
[25/46] 39.06s F CXX obj/content/test/content_browsertests/file_system_access_observer_browsertest.o obj/content/test/content_browsertests/file_system_access_observer_browsertest.dwo
[26/46] 39.51s F CXX obj/content/test/content_browsertests/trust_token_browsertest.o obj/content/test/content_browsertests/trust_token_browsertest.dwo
[27/46] 39.67s F CXX obj/content/test/content_browsertests/nav_prefetch_browsertest.o obj/content/test/content_browsertests/nav_prefetch_browsertest.dwo
[28/46] 40.26s F CXX obj/content/test/content_browsertests/frame_tree_browsertest.o obj/content/test/content_browsertests/frame_tree_browsertest.dwo
[29/46] 40.58s F CXX obj/content/test/content_browsertests/view_transition_browsertest.o obj/content/test/content_browsertests/view_transition_browsertest.dwo
[30/46] 40.71s F CXX obj/content/test/content_browsertests/shared_storage_private_aggregation_browsertest.o obj/content/test/content_browsertests/shared_storage_private_aggregation_browsertest.dwo
[31/46] 41.18s F CXX obj/content/test/content_browsertests/generated_code_cache_browsertest.o obj/content/test/content_browsertests/generated_code_cache_browsertest.dwo
[32/46] 41.35s F CXX obj/content/test/content_browsertests/mouse_latency_browsertest.o obj/content/test/content_browsertests/mouse_latency_browsertest.dwo
[33/46] 42.03s F CXX obj/content/test/content_browsertests/synthetic_input_browsertest.o obj/content/test/content_browsertests/synthetic_input_browsertest.dwo
[34/46] 42.16s F CXX obj/content/test/content_browsertests/dom_storage_browsertest.o obj/content/test/content_browsertests/dom_storage_browsertest.dwo
[35/46] 42.35s F CXX obj/content/test/content_browsertests/webrtc_stress_source_switch_browsertest.o obj/content/test/content_browsertests/webrtc_stress_source_switch_browsertest.dwo
[36/46] 42.40s F CXX obj/content/test/content_browsertests/input_event_browsertest.o obj/content/test/content_browsertests/input_event_browsertest.dwo
[37/46] 43.71s F CXX obj/content/test/content_browsertests/indexed_db_browsertest.o obj/content/test/content_browsertests/indexed_db_browsertest.dwo
[38/46] 44.67s F CXX obj/content/test/content_browsertests/back_forward_cache_not_restored_reasons_browsertest.o obj/content/test/content_browsertests/back_forward_cache_not_restored_reasons_browsertest.dwo
[39/46] 44.80s F CXX obj/content/test/content_browsertests/site_per_process_layout_browsertest.o obj/content/test/content_browsertests/site_per_process_layout_browsertest.dwo
[40/46] 45.76s F CXX obj/content/test/content_browsertests/proactively_swap_browsing_instances_browsertest.o obj/content/test/content_browsertests/proactively_swap_browsing_instances_browsertest.dwo
[41/46] 45.91s F CXX obj/content/test/content_browsertests/back_forward_cache_internal_browsertest.o obj/content/test/content_browsertests/back_forward_cache_internal_browsertest.dwo
[42/46] 47.89s F CXX obj/content/test/content_browsertests/back_forward_cache_features_browsertest.o obj/content/test/content_browsertests/back_forward_cache_features_browsertest.dwo
[43/46] 53.14s F CXX obj/content/test/content_browsertests/site_per_process_browsertest.o obj/content/test/content_browsertests/site_per_process_browsertest.dwo
[44/46] 57.35s F CXX obj/content/test/content_browsertests/prerender_browsertest.o obj/content/test/content_browsertests/prerender_browsertest.dwo
[45/46] 57.37s S LINK ./content_browsertests
[45/46] 1m09.30s F LINK ./content_browsertests
build finished

	
local:46 remote:0 cache:0 cache-write:0(err:0) fallback:0 retry:0 skip:60993
fs: ops: 1463(err:51) / r:447(err:0) 1.36GiB / w:1(err:0) 395.76KiB


shutdown cloud logging/monitoring done 14.636µs

1m09.71s Build Succeeded: 46 steps - 0.66/s
BUILD_EXIT=0
TEST_START 2026-07-11T06:40:29Z
Note: Google Test filter = DevToolsFetchGetResponseBodyTest.*
[==========] Running 2 tests from 1 test suite.
[----------] Global test environment set-up.
[----------] 2 tests from DevToolsFetchGetResponseBodyTest, where TypeParam = 
[ RUN      ] DevToolsFetchGetResponseBodyTest.ResponseStageGetResponseBodyDoesNotNullResume
[11097:11097:0711/064035.983996:ERROR:components/leveldb_proto/public/proto_database_provider.h:101] In memory database cannot use the given database directory

DevTools listening on ws://127.0.0.1:41341/devtools/browser/9e04197a-b649-4c80-b1a4-3d0e31eb04c0
WARN: SystemInfo_vulkan.cpp:195 (HasKhronosValidationLayer): Vulkan validation layers are missing
[11138:11138:0711/064036.444178:WARNING:sandbox/policy/linux/sandbox_linux.cc:405] InitializeSandbox() called with multiple threads in process gpu-process.
[11138:11138:0711/064036.493260:WARNING:ui/gfx/linux/gbm_support_x11.cc:48] dri3 extension not supported.
=================================================================
==11097==ERROR: AddressSanitizer: heap-use-after-free on address 0x7d25c3ad79a0 at pc 0x7f96b4c52ade bp 0x7ffc2ec7fc20 sp 0x7ffc2ec7fc18
READ of size 8 at 0x7d25c3ad79a0 thread T0 (content_browser)
    #0 0x7f96b4c52add in std::__Cr::unique_ptr<content::RequestBodyCollector, std::__Cr::default_delete<content::RequestBodyCollector>>::reset[abi:sqn230000](content::RequestBodyCollector*) third_party/libc++/src/include/__memory/unique_ptr.h:292:21
    #1 0x7f96b4c529dc in std::__Cr::unique_ptr<content::RequestBodyCollector, std::__Cr::default_delete<content::RequestBodyCollector>>::operator=[abi:sqn230000](std::__Cr::unique_ptr<content::RequestBodyCollector, std::__Cr::default_delete<content::RequestBodyCollector>>&&) third_party/libc++/src/include/__memory/unique_ptr.h:231:5
    #2 0x7f96b4c33c5e in content::InterceptionJob::NotifyClient(std::__Cr::unique_ptr<content::InterceptedRequestInfo, std::__Cr::default_delete<content::InterceptedRequestInfo>>) content/browser/devtools/devtools_url_loader_interceptor.cc:1763:29
    #3 0x7f96b4c411dc in content::InterceptionJob::OnReceiveResponse(mojo::StructPtr<network::mojom::URLResponseHead>, mojo::ScopedHandleBase<mojo::DataPipeConsumerHandle>, std::__Cr::optional<mojo_base::BigBuffer>) content/browser/devtools/devtools_url_loader_interceptor.cc:1928:3
    #4 0x7f96af832e02 in network::mojom::URLLoaderClientStubDispatch::Accept(network::mojom::URLLoaderClient*, mojo::Message*) gen/services/network/public/mojom/url_loader.mojom.cc:1103:13
    #5 0x7f96b00c9246 in network::mojom::URLLoaderClientStub<mojo::RawPtrImplRefTraits<network::mojom::URLLoaderClient>>::Accept(mojo::Message*) gen/services/network/public/mojom/url_loader.mojom.h:286:12
    #6 0x7f9720d2d6be in mojo::InterfaceEndpointClient::HandleValidatedMessage(mojo::Message*) mojo/public/cpp/bindings/lib/interface_endpoint_client.cc:1085:54
    #7 0x7f9720d2c4a1 in mojo::InterfaceEndpointClient::HandleIncomingMessageThunk::Accept(mojo::Message*) mojo/public/cpp/bindings/lib/interface_endpoint_client.cc:383:18
    #8 0x7f9720d6bb58 in mojo::MessageDispatcher::Accept(mojo::Message*) mojo/public/cpp/bindings/lib/message_dispatcher.cc:44:19
    #9 0x7f9720d33570 in mojo::InterfaceEndpointClient::HandleIncomingMessage(mojo::Message*) mojo/public/cpp/bindings/lib/interface_endpoint_client.cc:747:20
    #10 0x7f9720d75d12 in mojo::internal::MultiplexRouter::ProcessIncomingMessage(mojo::internal::MultiplexRouter::MessageWrapper*, mojo::internal::MultiplexRouter::ClientCallBehavior, base::SequencedTaskRunner*) mojo/public/cpp/bindings/lib/multiplex_router.cc:1223:42
    #11 0x7f9720d74a0e in mojo::internal::MultiplexRouter::Accept(mojo::Message*) mojo/public/cpp/bindings/lib/multiplex_router.cc:809:7
    #12 0x7f9720d6bb58 in mojo::MessageDispatcher::Accept(mojo::Message*) mojo/public/cpp/bindings/lib/message_dispatcher.cc:44:19
    #13 0x7f9720ceb253 in mojo::Connector::DispatchMessage(mojo::ScopedHandleBase<mojo::MessageHandle>) mojo/public/cpp/bindings/lib/connector.cc:571:49
    #14 0x7f9720cece2a in mojo::Connector::ReadAllAvailableMessages() mojo/public/cpp/bindings/lib/connector.cc:632:14
    #15 0x7f9720cec7c2 in mojo::Connector::OnHandleReadyInternal(unsigned int) mojo/public/cpp/bindings/lib/connector.cc:452:3
    #16 0x7f9720cec635 in mojo::Connector::OnWatcherHandleReady(char const*, unsigned int) mojo/public/cpp/bindings/lib/connector.cc:418:3
    #17 0x7f9720cfa365 in void base::internal::DecayedFunctorTraits<void (mojo::Connector::*)(char const*, unsigned int), mojo::Connector*, char const* const&>::Invoke<void (mojo::Connector::*)(char const*, unsigned int), mojo::Connector*, char const*, unsigned int>(void (mojo::Connector::*)(char const*, unsigned int), mojo::Connector*&&, char const*&&, unsigned int&&) base/functional/bind_internal.h:740:12
    #18 0x7f9720cfa03e in void base::internal::InvokeHelper<false, base::internal::FunctorTraits<void (mojo::Connector::* const&)(char const*, unsigned int), mojo::Connector*, char const* const&>, void, 0ul, 1ul>::MakeItSo<void (mojo::Connector::* const&)(char const*, unsigned int), std::__Cr::tuple<base::internal::UnretainedWrapper<mojo::Connector, base::unretained_traits::MayNotDangle, (partition_alloc::internal::RawPtrTraits)0>, base::internal::UnretainedWrapper<char const, base::unretained_traits::MayNotDangle, (partition_alloc::internal::RawPtrTraits)0>> const&, unsigned int>(void (mojo::Connector::* const&)(char const*, unsigned int), std::__Cr::tuple<base::internal::UnretainedWrapper<mojo::Connector, base::unretained_traits::MayNotDangle, (partition_alloc::internal::RawPtrTraits)0>, base::internal::UnretainedWrapper<char const, base::unretained_traits::MayNotDangle, (partition_alloc::internal::RawPtrTraits)0>> const&, unsigned int&&) base/functional/bind_internal.h:932:12
    #19 0x7f9720cf9d61 in void base::internal::Invoker<base::internal::FunctorTraits<void (mojo::Connector::* const&)(char const*, unsigned int), mojo::Connector*, char const* const&>, base::internal::BindState<true, true, false, void (mojo::Connector::*)(char const*, unsigned int), base::internal::UnretainedWrapper<mojo::Connector, base::unretained_traits::MayNotDangle, (partition_alloc::internal::RawPtrTraits)0>, base::internal::UnretainedWrapper<char const, base::unretained_traits::MayNotDangle, (partition_alloc::internal::RawPtrTraits)0>>, void (unsigned int)>::RunImpl<void (mojo::Connector::* const&)(char const*, unsigned int), std::__Cr::tuple<base::internal::UnretainedWrapper<mojo::Connector, base::unretained_traits::MayNotDangle, (partition_alloc::internal::RawPtrTraits)0>, base::internal::UnretainedWrapper<char const, base::unretained_traits::MayNotDangle, (partition_alloc::internal::RawPtrTraits)0>> const&, 0ul, 1ul>(void (mojo::Connector::* const&)(char const*, unsigned int), std::__Cr::tuple<base::internal::UnretainedWrapper<mojo::Connector, base::unretained_traits::MayNotDangle, (partition_alloc::internal::RawPtrTraits)0>, base::internal::UnretainedWrapper<char const, base::unretained_traits::MayNotDangle, (partition_alloc::internal::RawPtrTraits)0>> const&, std::__Cr::integer_sequence<unsigned long, 0ul, 1ul>, unsigned int&&) base/functional/bind_internal.h:1069:14
    #20 0x7f9720cf9b43 in base::internal::Invoker<base::internal::FunctorTraits<void (mojo::Connector::* const&)(char const*, unsigned int), mojo::Connector*, char const* const&>, base::internal::BindState<true, true, false, void (mojo::Connector::*)(char const*, unsigned int), base::internal::UnretainedWrapper<mojo::Connector, base::unretained_traits::MayNotDangle, (partition_alloc::internal::RawPtrTraits)0>, base::internal::UnretainedWrapper<char const, base::unretained_traits::MayNotDangle, (partition_alloc::internal::RawPtrTraits)0>>, void (unsigned int)>::Run(base::internal::BindStateBase*, unsigned int) base/functional/bind_internal.h:989:12
    #21 0x7f9720cf86e8 in base::RepeatingCallback<void (unsigned int)>::Run(unsigned int) const & base/functional/callback.h:346:12
    #22 0x7f9720cf788e in mojo::SimpleWatcher::DiscardReadyState(base::RepeatingCallback<void (unsigned int)> const&, unsigned int, mojo::HandleSignalsState const&) mojo/public/cpp/system/simple_watcher.h:192:14
    #23 0x7f9720cf7f71 in void base::internal::DecayedFunctorTraits<void (*)(base::RepeatingCallback<void (unsigned int)> const&, unsigned int, mojo::HandleSignalsState const&), base::RepeatingCallback<void (unsigned int)> const&>::Invoke<void (* const&)(base::RepeatingCallback<void (unsigned int)> const&, unsigned int, mojo::HandleSignalsState const&), base::RepeatingCallback<void (unsigned int)> const&, unsigned int, mojo::HandleSignalsState const&>(void (* const&)(base::RepeatingCallback<void (unsigned int)> const&, unsigned int, mojo::HandleSignalsState const&), base::RepeatingCallback<void (unsigned int)> const&, unsigned int&&, mojo::HandleSignalsState const&) base/functional/bind_internal.h:673:12
    #24 0x7f9720cf7ea9 in void base::internal::InvokeHelper<false, base::internal::FunctorTraits<void (* const&)(base::RepeatingCallback<void (unsigned int)> const&, unsigned int, mojo::HandleSignalsState const&), base::RepeatingCallback<void (unsigned int)> const&>, void, 0ul>::MakeItSo<void (* const&)(base::RepeatingCallback<void (unsigned int)> const&, unsigned int, mojo::HandleSignalsState const&), std::__Cr::tuple<base::RepeatingCallback<void (unsigned int)>> const&, unsigned int, mojo::HandleSignalsState const&>(void (* const&)(base::RepeatingCallback<void (unsigned int)> const&, unsigned int, mojo::HandleSignalsState const&), std::__Cr::tuple<base::RepeatingCallback<void (unsigned int)>> const&, unsigned int&&, mojo::HandleSignalsState const&) base/functional/bind_internal.h:932:12
    #25 0x7f9720cf7d1c in void base::internal::Invoker<base::internal::FunctorTraits<void (* const&)(base::RepeatingCallback<void (unsigned int)> const&, unsigned int, mojo::HandleSignalsState const&), base::RepeatingCallback<void (unsigned int)> const&>, base::internal::BindState<false, true, false, void (*)(base::RepeatingCallback<void (unsigned int)> const&, unsigned int, mojo::HandleSignalsState const&), base::RepeatingCallback<void (unsigned int)>>, void (unsigned int, mojo::HandleSignalsState const&)>::RunImpl<void (* const&)(base::RepeatingCallback<void (unsigned int)> const&, unsigned int, mojo::HandleSignalsState const&), std::__Cr::tuple<base::RepeatingCallback<void (unsigned int)>> const&, 0ul>(void (* const&)(base::RepeatingCallback<void (unsigned int)> const&, unsigned int, mojo::HandleSignalsState const&), std::__Cr::tuple<base::RepeatingCallback<void (unsigned int)>> const&, std::__Cr::integer_sequence<unsigned long, 0ul>, unsigned int&&, mojo::HandleSignalsState const&) base/functional/bind_internal.h:1069:14
    #26 0x7f9720cf7b1b in base::internal::Invoker<base::internal::FunctorTraits<void (* const&)(base::RepeatingCallback<void (unsigned int)> const&, unsigned int, mojo::HandleSignalsState const&), base::RepeatingCallback<void (unsigned int)> const&>, base::internal::BindState<false, true, false, void (*)(base::RepeatingCallback<void (unsigned int)> const&, unsigned int, mojo::HandleSignalsState const&), base::RepeatingCallback<void (unsigned int)>>, void (unsigned int, mojo::HandleSignalsState const&)>::Run(base::internal::BindStateBase*, unsigned int, mojo::HandleSignalsState const&) base/functional/bind_internal.h:989:12
    #27 0x7f9715db4a50 in base::RepeatingCallback<void (unsigned int, mojo::HandleSignalsState const&)>::Run(unsigned int, mojo::HandleSignalsState const&) const & base/functional/callback.h:346:12
    #28 0x7f9715db12aa in mojo::SimpleWatcher::OnHandleReady(int, unsigned int, mojo::HandleSignalsState const&) mojo/public/cpp/system/simple_watcher.cc:286:14
    #29 0x7f9715db5c3e in void base::internal::DecayedFunctorTraits<void (mojo::SimpleWatcher::*)(int, unsigned int, mojo::HandleSignalsState const&), base::WeakPtr<mojo::SimpleWatcher>&&, int&&, unsigned int&&, mojo::HandleSignalsState&&>::Invoke<void (mojo::SimpleWatcher::*)(int, unsigned int, mojo::HandleSignalsState const&), base::WeakPtr<mojo::SimpleWatcher> const&, int, unsigned int, mojo::HandleSignalsState>(void (mojo::SimpleWatcher::*)(int, unsigned int, mojo::HandleSignalsState const&), base::WeakPtr<mojo::SimpleWatcher> const&, int&&, unsigned int&&, mojo::HandleSignalsState&&) base/functional/bind_internal.h:740:12
    #30 0x7f9715db5a53 in void base::internal::InvokeHelper<true, base::internal::FunctorTraits<void (mojo::SimpleWatcher::*&&)(int, unsigned int, mojo::HandleSignalsState const&), base::WeakPtr<mojo::SimpleWatcher>&&, int&&, unsigned int&&, mojo::HandleSignalsState&&>, void, 0ul, 1ul, 2ul, 3ul>::MakeItSo<void (mojo::SimpleWatcher::*)(int, unsigned int, mojo::HandleSignalsState const&), std::__Cr::tuple<base::WeakPtr<mojo::SimpleWatcher>, int, unsigned int, mojo::HandleSignalsState>>(void (mojo::SimpleWatcher::*&&)(int, unsigned int, mojo::HandleSignalsState const&), std::__Cr::tuple<base::WeakPtr<mojo::SimpleWatcher>, int, unsigned int, mojo::HandleSignalsState>&&) base/functional/bind_internal.h:956:5
    #31 0x7f9715db57c7 in void base::internal::Invoker<base::internal::FunctorTraits<void (mojo::SimpleWatcher::*&&)(int, unsigned int, mojo::HandleSignalsState const&), base::WeakPtr<mojo::SimpleWatcher>&&, int&&, unsigned int&&, mojo::HandleSignalsState&&>, base::internal::BindState<true, true, false, void (mojo::SimpleWatcher::*)(int, unsigned int, mojo::HandleSignalsState const&), base::WeakPtr<mojo::SimpleWatcher>, int, unsigned int, mojo::HandleSignalsState>, void ()>::RunImpl<void (mojo::SimpleWatcher::*)(int, unsigned int, mojo::HandleSignalsState const&), std::__Cr::tuple<base::WeakPtr<mojo::SimpleWatcher>, int, unsigned int, mojo::HandleSignalsState>, 0ul, 1ul, 2ul, 3ul>(void (mojo::SimpleWatcher::*&&)(int, unsigned int, mojo::HandleSignalsState const&), std::__Cr::tuple<base::WeakPtr<mojo::SimpleWatcher>, int, unsigned int, mojo::HandleSignalsState>&&, std::__Cr::integer_sequence<unsigned long, 0ul, 1ul, 2ul, 3ul>) base/functional/bind_internal.h:1069:14
    #32 0x7f9715db55f8 in base::internal::Invoker<base::internal::FunctorTraits<void (mojo::SimpleWatcher::*&&)(int, unsigned int, mojo::HandleSignalsState const&), base::WeakPtr<mojo::SimpleWatcher>&&, int&&, unsigned int&&, mojo::HandleSignalsState&&>, base::internal::BindState<true, true, false, void (mojo::SimpleWatcher::*)(int, unsigned int, mojo::HandleSignalsState const&), base::WeakPtr<mojo::SimpleWatcher>, int, unsigned int, mojo::HandleSignalsState>, void ()>::RunOnce(base::internal::BindStateBase*) base/functional/bind_internal.h:982:12
    #33 0x7f970f79f162 in base::OnceCallback<void ()>::Run() && base/functional/callback.h:155:12
    #34 0x7f970fd22f1e in base::TaskAnnotator::RunTaskImpl(base::PendingTask&) base/task/common/task_annotator.cc:229:34
    #35 0x7f970fe40af7 in void base::TaskAnnotator::RunTask<base::sequence_manager::internal::ThreadControllerWithMessagePumpImpl::DoWorkImpl(base::LazyNow*)::$_4>(perfetto::StaticString, base::PendingTask&, base::sequence_manager::internal::ThreadControllerWithMessagePumpImpl::DoWorkImpl(base::LazyNow*)::$_4&&) base/task/common/task_annotator.h:114:5
    #36 0x7f970fe3fa94 in base::sequence_manager::internal::ThreadControllerWithMessagePumpImpl::DoWorkImpl(base::LazyNow*) base/task/sequence_manager/thread_controller_with_message_pump_impl.cc:478:23
    #37 0x7f970fe3e67a in base::sequence_manager::internal::ThreadControllerWithMessagePumpImpl::DoWork() base/task/sequence_manager/thread_controller_with_message_pump_impl.cc:341:40
    #38 0x7f970fe3ffb2 in non-virtual thunk to base::sequence_manager::internal::ThreadControllerWithMessagePumpImpl::DoWork() base/task/sequence_manager/thread_controller_with_message_pump_impl.cc
    #39 0x7f97102e3761 in base::MessagePumpGlib::HandleDispatch() base/message_loop/message_pump_glib.cc:732:46
    #40 0x7f97102df478 in base::(anonymous namespace)::WorkSourceDispatch(_GSource*, int (*)(void*), void*) base/message_loop/message_pump_glib.cc:355:43
    #41 0x7f95f7107e5a  (/usr/lib/x86_64-linux-gnu/libglib-2.0.so.0+0x60e5a) (BuildId: 2f58e7554b15ecce9664f25dc2c965d0c6ab45ad)
    #42 0x7f95f7109496  (/usr/lib/x86_64-linux-gnu/libglib-2.0.so.0+0x62496) (BuildId: 2f58e7554b15ecce9664f25dc2c965d0c6ab45ad)
    #43 0x7f95f7109682 in g_main_context_iteration (/usr/lib/x86_64-linux-gnu/libglib-2.0.so.0+0x62682) (BuildId: 2f58e7554b15ecce9664f25dc2c965d0c6ab45ad)
    #44 0x7f97102e3aa8 in base::MessagePumpGlib::Run(base::MessagePump::Delegate*) base/message_loop/message_pump_glib.cc:766:30
    #45 0x7f970fe41c62 in base::sequence_manager::internal::ThreadControllerWithMessagePumpImpl::Run(bool, base::TimeDelta) base/task/sequence_manager/thread_controller_with_message_pump_impl.cc:656:12
    #46 0x7f970fbba607 in base::RunLoop::Run(base::Location const&) base/run_loop.cc:135:14
    #47 0x620c776e5afc in content::DevToolsFetchGetResponseBodyTest_ResponseStageGetResponseBodyDoesNotNullResume_Test::RunTestOnMainThread() content/browser/devtools/protocol/devtools_fetch_get_response_body_browsertest.cc:137:14
    #48 0x620c886b7a53 in content::BrowserTestBase::ProxyRunTestOnMainThreadLoop() content/public/test/browser_test_base.cc:1018:9
    #49 0x620c886c466a in void base::internal::DecayedFunctorTraits<void (content::BrowserTestBase::*)(), content::BrowserTestBase*>::Invoke<void (content::BrowserTestBase::*)(), content::BrowserTestBase*>(void (content::BrowserTestBase::*)(), content::BrowserTestBase*&&) base/functional/bind_internal.h:740:12
    #50 0x620c886c454c in void base::internal::InvokeHelper<false, base::internal::FunctorTraits<void (content::BrowserTestBase::*&&)(), content::BrowserTestBase*>, void, 0ul>::MakeItSo<void (content::BrowserTestBase::*)(), std::__Cr::tuple<base::internal::UnretainedWrapper<content::BrowserTestBase, base::unretained_traits::MayNotDangle, (partition_alloc::internal::RawPtrTraits)0>>>(void (content::BrowserTestBase::*&&)(), std::__Cr::tuple<base::internal::UnretainedWrapper<content::BrowserTestBase, base::unretained_traits::MayNotDangle, (partition_alloc::internal::RawPtrTraits)0>>&&) base/functional/bind_internal.h:932:12
    #51 0x620c886c4311 in void base::internal::Invoker<base::internal::FunctorTraits<void (content::BrowserTestBase::*&&)(), content::BrowserTestBase*>, base::internal::BindState<true, true, false, void (content::BrowserTestBase::*)(), base::internal::UnretainedWrapper<content::BrowserTestBase, base::unretained_traits::MayNotDangle, (partition_alloc::internal::RawPtrTraits)0>>, void ()>::RunImpl<void (content::BrowserTestBase::*)(), std::__Cr::tuple<base::internal::UnretainedWrapper<content::BrowserTestBase, base::unretained_traits::MayNotDangle, (partition_alloc::internal::RawPtrTraits)0>>, 0ul>(void (content::BrowserTestBase::*&&)(), std::__Cr::tuple<base::internal::UnretainedWrapper<content::BrowserTestBase, base::unretained_traits::MayNotDangle, (partition_alloc::internal::RawPtrTraits)0>>&&, std::__Cr::integer_sequence<unsigned long, 0ul>) base/functional/bind_internal.h:1069:14
    #52 0x620c886c41a8 in base::internal::Invoker<base::internal::FunctorTraits<void (content::BrowserTestBase::*&&)(), content::BrowserTestBase*>, base::internal::BindState<true, true, false, void (content::BrowserTestBase::*)(), base::internal::UnretainedWrapper<content::BrowserTestBase, base::unretained_traits::MayNotDangle, (partition_alloc::internal::RawPtrTraits)0>>, void ()>::RunOnce(base::internal::BindStateBase*) base/functional/bind_internal.h:982:12
    #53 0x7f96ade6cf42 in base::OnceCallback<void ()>::Run() && base/functional/callback.h:155:12
    #54 0x7f96b44e1bbd in content::BrowserMainLoop::InterceptMainMessageLoopRun() content/browser/browser_main_loop.cc:1101:36
    #55 0x7f96b44e1dea in content::BrowserMainLoop::RunMainMessageLoop() content/browser/browser_main_loop.cc:1113:7
    #56 0x7f96b450fbf3 in content::BrowserMainRunnerImpl::Run() content/browser/browser_main_runner_impl.cc:148:15
    #57 0x7f96b44d7354 in content::BrowserMain(content::MainFunctionParams) content/browser/browser_main.cc:32:28
    #58 0x7f96bc044d4a in content::RunBrowserProcessMain(content::MainFunctionParams, content::ContentMainDelegate*) content/app/content_main_runner_impl.cc:698:10
    #59 0x7f96bc04ad94 in content::ContentMainRunnerImpl::RunBrowser(content::MainFunctionParams, bool) content/app/content_main_runner_impl.cc:1332:10
    #60 0x7f96bc049109 in content::ContentMainRunnerImpl::Run() content/app/content_main_runner_impl.cc:1163:12
    #61 0x7f96bc03ed7f in content::RunContentProcess(content::ContentMainParams, content::ContentMainRunner*) content/app/content_main.cc:356:36
    #62 0x7f96bc03fbc5 in content::ContentMain(content::ContentMainParams) content/app/content_main.cc:369:10
    #63 0x620c886b53b6 in content::BrowserTestBase::SetUp() content/public/test/browser_test_base.cc:615:34
    #64 0x620c882a64a1 in content::ContentBrowserTest::SetUp() content/public/test/content_browser_test.cc:131:20
    #65 0x620c7ea723ed in void testing::internal::HandleSehExceptionsInMethodIfSupported<testing::Test, void>(testing::Test*, void (testing::Test::*)(), char const*) third_party/googletest/src/googletest/src/gtest.cc:2671:10
    #66 0x620c7ea393af in void testing::internal::HandleExceptionsInMethodIfSupported<testing::Test, void>(testing::Test*, void (testing::Test::*)(), char const*) third_party/googletest/src/googletest/src/gtest.cc:2726:12
    #67 0x620c7ea0abba in testing::Test::Run() third_party/googletest/src/googletest/src/gtest.cc:2741:3
    #68 0x620c7ea0bbdc in testing::TestInfo::Run() third_party/googletest/src/googletest/src/gtest.cc:2892:11
    #69 0x620c7ea0cc45 in testing::TestSuite::Run() third_party/googletest/src/googletest/src/gtest.cc:3070:30
    #70 0x620c7ea23cf3 in testing::internal::UnitTestImpl::RunAllTests() third_party/googletest/src/googletest/src/gtest.cc:6062:44
    #71 0x620c7ea780cd in bool testing::internal::HandleSehExceptionsInMethodIfSupported<testing::internal::UnitTestImpl, bool>(testing::internal::UnitTestImpl*, bool (testing::internal::UnitTestImpl::*)(), char const*) third_party/googletest/src/googletest/src/gtest.cc:2671:10
    #72 0x620c7ea3c9bf in bool testing::internal::HandleExceptionsInMethodIfSupported<testing::internal::UnitTestImpl, bool>(testing::internal::UnitTestImpl*, bool (testing::internal::UnitTestImpl::*)(), char const*) third_party/googletest/src/googletest/src/gtest.cc:2726:12
    #73 0x620c7ea22f72 in testing::UnitTest::Run() third_party/googletest/src/googletest/src/gtest.cc:5602:10
    #74 0x620c88c40b70 in RUN_ALL_TESTS() third_party/googletest/src/googletest/include/gtest/gtest.h:2337:73
    #75 0x620c88c3d5c0 in base::TestSuite::RunAllTests() base/test/test_suite.cc:685:10
    #76 0x620c88c3a6b7 in base::TestSuite::Run() base/test/test_suite.cc:440:16
    #77 0x620c7c96ae8e in content::ContentTestLauncherDelegate::RunTestSuite(int, char**) content/test/content_test_launcher.cc:67:48
    #78 0x620c889d6eed in content::LaunchTestsInternal(content::TestLauncherDelegate*, unsigned long, int, char**) content/public/test/test_launcher.cc:423:31
    #79 0x620c889d7afd in content::LaunchTests(content::TestLauncherDelegate*, unsigned long, int, char**) content/public/test/test_launcher.cc:518:10
    #80 0x620c7c96abbb in ContentTestMain content/test/content_test_launcher.cc:106:10
    #81 0x620c882fd581 in main content/test/content_test_launcher_exe.cc:8:10
    #82 0x7f95df02a8c0 in __libc_start_call_main csu/../sysdeps/nptl/libc_start_call_main.h:59:16
    #83 0x7f95df02a9d7 in __libc_start_main csu/../csu/libc-start.c:360:3
    #84 0x620c7609b489 in _start (/mnt/chromium/src/out/ASan/content_browsertests+0xac9e489) (BuildId: 01da6b75b6e68a3d)

0x7d25c3ad79a0 is located 800 bytes inside of 928-byte region [0x7d25c3ad7680,0x7d25c3ad7a20)
freed by thread T0 (content_browser) here:
    #0 0x620c76183f46 in operator delete(void*, unsigned long) (/mnt/chromium/src/out/ASan/content_browsertests+0xad86f46) (BuildId: 01da6b75b6e68a3d)
    #1 0x7f96b4c551c6 in content::InterceptionJob::~InterceptionJob() content/browser/devtools/devtools_url_loader_interceptor.cc:454:31
    #2 0x7f96b4c3258e in content::InterceptionJob::Shutdown() content/browser/devtools/devtools_url_loader_interceptor.cc:1814:3
    #3 0x7f96b4c36fa8 in content::InterceptionJob::CompleteRequest(network::URLLoaderCompletionStatus const&) content/browser/devtools/devtools_url_loader_interceptor.cc:1808:3
    #4 0x7f96b4c39b0b in content::InterceptionJob::SendResponse(scoped_refptr<base::RefCountedMemory>, unsigned long) content/browser/devtools/devtools_url_loader_interceptor.cc:1627:3
    #5 0x7f96b4c365f3 in content::InterceptionJob::InnerContinueRequest(std::__Cr::unique_ptr<content::DevToolsURLLoaderInterceptor::Modifications, std::__Cr::default_delete<content::DevToolsURLLoaderInterceptor::Modifications>>) content/browser/devtools/devtools_url_loader_interceptor.cc:1300:7
    #6 0x7f96b4c3099c in content::InterceptionJob::ContinueInterceptedRequest(std::__Cr::unique_ptr<content::DevToolsURLLoaderInterceptor::Modifications, std::__Cr::default_delete<content::DevToolsURLLoaderInterceptor::Modifications>>, std::__Cr::unique_ptr<content::protocol::Network::Backend::ContinueInterceptedRequestCallback, std::__Cr::default_delete<content::protocol::Network::Backend::ContinueInterceptedRequestCallback>>) content/browser/devtools/devtools_url_loader_interceptor.cc:1182:23
    #7 0x7f96b4c30762 in content::DevToolsURLLoaderInterceptor::ContinueInterceptedRequest(std::__Cr::basic_string<char, std::__Cr::char_traits<char>, std::__Cr::allocator<char>> const&, std::__Cr::unique_ptr<content::DevToolsURLLoaderInterceptor::Modifications, std::__Cr::default_delete<content::DevToolsURLLoaderInterceptor::Modifications>>, std::__Cr::unique_ptr<content::protocol::Network::Backend::ContinueInterceptedRequestCallback, std::__Cr::default_delete<content::protocol::Network::Backend::ContinueInterceptedRequestCallback>>) content/browser/devtools/devtools_url_loader_interceptor.cc:951:10
    #8 0x7f96b4d5ea3d in content::protocol::FetchHandler::ContinueResponse(std::__Cr::basic_string<char, std::__Cr::char_traits<char>, std::__Cr::allocator<char>> const&, std::__Cr::optional<int>, std::__Cr::optional<std::__Cr::basic_string<char, std::__Cr::char_traits<char>, std::__Cr::allocator<char>>>, std::__Cr::unique_ptr<std::__Cr::vector<std::__Cr::unique_ptr<content::protocol::Fetch::HeaderEntry, std::__Cr::default_delete<content::protocol::Fetch::HeaderEntry>>, std::__Cr::allocator<std::__Cr::unique_ptr<content::protocol::Fetch::HeaderEntry, std::__Cr::default_delete<content::protocol::Fetch::HeaderEntry>>>>, std::__Cr::default_delete<std::__Cr::vector<std::__Cr::unique_ptr<content::protocol::Fetch::HeaderEntry, std::__Cr::default_delete<content::protocol::Fetch::HeaderEntry>>, std::__Cr::allocator<std::__Cr::unique_ptr<content::protocol::Fetch::HeaderEntry, std::__Cr::default_delete<content::protocol::Fetch::HeaderEntry>>>>>>, std::__Cr::optional<crdtp::Binary>, std::__Cr::unique_ptr<content::protocol::Fetch::Backend::ContinueResponseCallback, std::__Cr::default_delete<content::protocol::Fetch::Backend::ContinueResponseCallback>>) content/browser/devtools/protocol/fetch_handler.cc:395:19
    #9 0x7f96b4d5f06a in non-virtual thunk to content::protocol::FetchHandler::ContinueResponse(std::__Cr::basic_string<char, std::__Cr::char_traits<char>, std::__Cr::allocator<char>> const&, std::__Cr::optional<int>, std::__Cr::optional<std::__Cr::basic_string<char, std::__Cr::char_traits<char>, std::__Cr::allocator<char>>>, std::__Cr::unique_ptr<std::__Cr::vector<std::__Cr::unique_ptr<content::protocol::Fetch::HeaderEntry, std::__Cr::default_delete<content::protocol::Fetch::HeaderEntry>>, std::__Cr::allocator<std::__Cr::unique_ptr<content::protocol::Fetch::HeaderEntry, std::__Cr::default_delete<content::protocol::Fetch::HeaderEntry>>>>, std::__Cr::default_delete<std::__Cr::vector<std::__Cr::unique_ptr<content::protocol::Fetch::HeaderEntry, std::__Cr::default_delete<content::protocol::Fetch::HeaderEntry>>, std::__Cr::allocator<std::__Cr::unique_ptr<content::protocol::Fetch::HeaderEntry, std::__Cr::default_delete<content::protocol::Fetch::HeaderEntry>>>>>>, std::__Cr::optional<crdtp::Binary>, std::__Cr::unique_ptr<content::protocol::Fetch::Backend::ContinueResponseCallback, std::__Cr::default_delete<content::protocol::Fetch::Backend::ContinueResponseCallback>>) content/browser/devtools/protocol/fetch_handler.cc
    #10 0x7f96b37ee4bd in content::protocol::Fetch::DomainDispatcherImpl::continueResponse(crdtp::Dispatchable&) gen/content/browser/devtools/protocol/fetch.cc:572:16
    #11 0x7f96b37ebcdb in content::protocol::Fetch::DomainDispatcherImpl::Dispatch(std::__Cr::span<unsigned char const, 18446744073709551615ul>, crdtp::Dispatchable&) gen/content/browser/devtools/protocol/fetch.cc:222:3
    #12 0x7f97213a8aeb in crdtp::UberDispatcher::Dispatch(crdtp::Dispatchable&) third_party/inspector_protocol/crdtp/dispatch.cc:554:23
    #13 0x7f96b4ba7e66 in content::DevToolsSession::HandleCommandInternal(crdtp::Dispatchable, base::span<unsigned char const, 18446744073709551615ul, unsigned char const*>) content/browser/devtools/devtools_session.cc:425:16
    #14 0x7f96b4ba1d4a in content::DevToolsSession::HandleCommand(base::span<unsigned char const, 18446744073709551615ul, unsigned char const*>) content/browser/devtools/devtools_session.cc:405:3
    #15 0x7f96b4bbbf27 in void base::internal::DecayedFunctorTraits<void (content::DevToolsSession::*)(base::span<unsigned char const, 18446744073709551615ul, unsigned char const*>), base::WeakPtr<content::DevToolsSession> const&>::Invoke<void (content::DevToolsSession::*)(base::span<unsigned char const, 18446744073709551615ul, unsigned char const*>), base::WeakPtr<content::DevToolsSession> const&, base::span<unsigned char const, 18446744073709551615ul, unsigned char const*>>(void (content::DevToolsSession::*)(base::span<unsigned char const, 18446744073709551615ul, unsigned char const*>), base::WeakPtr<content::DevToolsSession> const&, base::span<unsigned char const, 18446744073709551615ul, unsigned char const*>&&) base/functional/bind_internal.h:740:12
    #16 0x7f96b4bbbdea in void base::internal::InvokeHelper<true, base::internal::FunctorTraits<void (content::DevToolsSession::* const&)(base::span<unsigned char const, 18446744073709551615ul, unsigned char const*>), base::WeakPtr<content::DevToolsSession> const&>, void, 0ul>::MakeItSo<void (content::DevToolsSession::* const&)(base::span<unsigned char const, 18446744073709551615ul, unsigned char const*>), std::__Cr::tuple<base::WeakPtr<content::DevToolsSession>> const&, base::span<unsigned char const, 18446744073709551615ul, unsigned char const*>>(void (content::DevToolsSession::* const&)(base::span<unsigned char const, 18446744073709551615ul, unsigned char const*>), std::__Cr::tuple<base::WeakPtr<content::DevToolsSession>> const&, base::span<unsigned char const, 18446744073709551615ul, unsigned char const*>&&) base/functional/bind_internal.h:956:5
    #17 0x7f96b4bbbc3c in void base::internal::Invoker<base::internal::FunctorTraits<void (content::DevToolsSession::* const&)(base::span<unsigned char const, 18446744073709551615ul, unsigned char const*>), base::WeakPtr<content::DevToolsSession> const&>, base::internal::BindState<true, true, false, void (content::DevToolsSession::*)(base::span<unsigned char const, 18446744073709551615ul, unsigned char const*>), base::WeakPtr<content::DevToolsSession>>, void (base::span<unsigned char const, 18446744073709551615ul, unsigned char const*>)>::RunImpl<void (content::DevToolsSession::* const&)(base::span<unsigned char const, 18446744073709551615ul, unsigned char const*>), std::__Cr::tuple<base::WeakPtr<content::DevToolsSession>> const&, 0ul>(void (content::DevToolsSession::* const&)(base::span<unsigned char const, 18446744073709551615ul, unsigned char const*>), std::__Cr::tuple<base::WeakPtr<content::DevToolsSession>> const&, std::__Cr::integer_sequence<unsigned long, 0ul>, base::span<unsigned char const, 18446744073709551615ul, unsigned char const*>&&) base/functional/bind_internal.h:1069:14
    #18 0x7f96b4bbba90 in base::internal::Invoker<base::internal::FunctorTraits<void (content::DevToolsSession::* const&)(base::span<unsigned char const, 18446744073709551615ul, unsigned char const*>), base::WeakPtr<content::DevToolsSession> const&>, base::internal::BindState<true, true, false, void (content::DevToolsSession::*)(base::span<unsigned char const, 18446744073709551615ul, unsigned char const*>), base::WeakPtr<content::DevToolsSession>>, void (base::span<unsigned char const, 18446744073709551615ul, unsigned char const*>)>::Run(base::internal::BindStateBase*, base::span<unsigned char const, 18446744073709551615ul, unsigned char const*>&&) base/functional/bind_internal.h:989:12
    #19 0x620c893b9abe in base::RepeatingCallback<void (base::span<unsigned char const, 18446744073709551615ul, unsigned char const*>)>::Run(base::span<unsigned char const, 18446744073709551615ul, unsigned char const*>) const & base/functional/callback.h:346:12
    #20 0x620c893b58fe in content::shell::protocol::ShellDevToolsSession::HandleCommand(base::span<unsigned char const, 18446744073709551615ul, unsigned char const*>, base::RepeatingCallback<void (base::span<unsigned char const, 18446744073709551615ul, unsigned char const*>)>)::$_0::operator()(int, std::__Cr::span<unsigned char const, 18446744073709551615ul>, std::__Cr::span<unsigned char const, 18446744073709551615ul>, std::__Cr::basic_string_view<char, std::__Cr::char_traits<char>>) const content/shell/browser/protocol/shell_devtools_session.cc:42:12
    #21 0x620c893b577a in std::__Cr::__invoke_result_impl<void, content::shell::protocol::ShellDevToolsSession::HandleCommand(base::span<unsigned char const, 18446744073709551615ul, unsigned char const*>, base::RepeatingCallback<void (base::span<unsigned char const, 18446744073709551615ul, unsigned char const*>)>)::$_0&, int, std::__Cr::span<unsigned char const, 18446744073709551615ul>, std::__Cr::span<unsigned char const, 18446744073709551615ul>, std::__Cr::basic_string_view<char, std::__Cr::char_traits<char>>>::type std::__Cr::__invoke[abi:sqn230000]<content::shell::protocol::ShellDevToolsSession::HandleCommand(base::span<unsigned char const, 18446744073709551615ul, unsigned char const*>, base::RepeatingCallback<void (base::span<unsigned char const, 18446744073709551615ul, unsigned char const*>)>)::$_0&, int, std::__Cr::span<unsigned char const, 18446744073709551615ul>, std::__Cr::span<unsigned char const, 18446744073709551615ul>, std::__Cr::basic_string_view<char, std::__Cr::char_traits<char>>>(content::shell::protocol::ShellDevToolsSession::HandleCommand(base::span<unsigned char const, 18446744073709551615ul, unsigned char const*>, base::RepeatingCallback<void (base::span<unsigned char const, 18446744073709551615ul, unsigned char const*>)>)::$_0&, int&&, std::__Cr::span<unsigned char const, 18446744073709551615ul>&&, std::__Cr::span<unsigned char const, 18446744073709551615ul>&&, std::__Cr::basic_string_view<char, std::__Cr::char_traits<char>>&&) third_party/libc++/src/include/__type_traits/invoke.h:90:27
    #22 0x620c893b56a4 in void std::__Cr::__invoke_void_return_wrapper<void, true>::__call[abi:sqn230000]<content::shell::protocol::ShellDevToolsSession::HandleCommand(base::span<unsigned char const, 18446744073709551615ul, unsigned char const*>, base::RepeatingCallback<void (base::span<unsigned char const, 18446744073709551615ul, unsigned char const*>)>)::$_0&, int, std::__Cr::span<unsigned char const, 18446744073709551615ul>, std::__Cr::span<unsigned char const, 18446744073709551615ul>, std::__Cr::basic_string_view<char, std::__Cr::char_traits<char>>>(content::shell::protocol::ShellDevToolsSession::HandleCommand(base::span<unsigned char const, 18446744073709551615ul, unsigned char const*>, base::RepeatingCallback<void (base::span<unsigned char const, 18446744073709551615ul, unsigned char const*>)>)::$_0&, int&&, std::__Cr::span<unsigned char const, 18446744073709551615ul>&&, std::__Cr::span<unsigned char const, 18446744073709551615ul>&&, std::__Cr::basic_string_view<char, std::__Cr::char_traits<char>>&&) third_party/libc++/src/include/__type_traits/invoke.h:350:5
    #23 0x620c893b5664 in void std::__Cr::__invoke_r[abi:sqn230000]<void, content::shell::protocol::ShellDevToolsSession::HandleCommand(base::span<unsigned char const, 18446744073709551615ul, unsigned char const*>, base::RepeatingCallback<void (base::span<unsigned char const, 18446744073709551615ul, unsigned char const*>)>)::$_0&, int, std::__Cr::span<unsigned char const, 18446744073709551615ul>, std::__Cr::span<unsigned char const, 18446744073709551615ul>, std::__Cr::basic_string_view<char, std::__Cr::char_traits<char>>>(content::shell::protocol::ShellDevToolsSession::HandleCommand(base::span<unsigned char const, 18446744073709551615ul, unsigned char const*>, base::RepeatingCallback<void (base::span<unsigned char const, 18446744073709551615ul, unsigned char const*>)>)::$_0&, int&&, std::__Cr::span<unsigned char const, 18446744073709551615ul>&&, std::__Cr::span<unsigned char const, 18446744073709551615ul>&&, std::__Cr::basic_string_view<char, std::__Cr::char_traits<char>>&&) third_party/libc++/src/include/__type_traits/invoke.h:356:10
    #24 0x620c893b558b in void std::__Cr::__function::__policy_func<void (int, std::__Cr::span<unsigned char const, 18446744073709551615ul>, std::__Cr::span<unsigned char const, 18446744073709551615ul>, std::__Cr::basic_string_view<char, std::__Cr::char_traits<char>>)>::__call_func[abi:sqn230000]<content::shell::protocol::ShellDevToolsSession::HandleCommand(base::span<unsigned char const, 18446744073709551615ul, unsigned char const*>, base::RepeatingCallback<void (base::span<unsigned char const, 18446744073709551615ul, unsigned char const*>)>)::$_0>(std::__Cr::__function::__policy_storage const*, int, std::__Cr::span<unsigned char const, 18446744073709551615ul>&&, std::__Cr::span<unsigned char const, 18446744073709551615ul>&&, std::__Cr::basic_string_view<char, std::__Cr::char_traits<char>>&&) third_party/libc++/src/include/__functional/function.h:445:12
    #25 0x7f97213b962d in std::__Cr::__function::__policy_func<void (int, std::__Cr::span<unsigned char const, 18446744073709551615ul>, std::__Cr::span<unsigned char const, 18446744073709551615ul>, std::__Cr::basic_string_view<char, std::__Cr::char_traits<char>>)>::operator()[abi:sqn230000](int&&, std::__Cr::span<unsigned char const, 18446744073709551615ul>&&, std::__Cr::span<unsigned char const, 18446744073709551615ul>&&, std::__Cr::basic_string_view<char, std::__Cr::char_traits<char>>&&) const third_party/libc++/src/include/__functional/function.h:504:12
    #26 0x7f97213abd68 in std::__Cr::function<void (int, std::__Cr::span<unsigned char const, 18446744073709551615ul>, std::__Cr::span<unsigned char const, 18446744073709551615ul>, std::__Cr::basic_string_view<char, std::__Cr::char_traits<char>>)>::operator()[abi:sqn230000](int, std::__Cr::span<unsigned char const, 18446744073709551615ul>, std::__Cr::span<unsigned char const, 18446744073709551615ul>, std::__Cr::basic_string_view<char, std::__Cr::char_traits<char>>) const third_party/libc++/src/include/__functional/function.h:760:10
    #27 0x7f97213a8bea in crdtp::UberDispatcher::Dispatch(crdtp::Dispatchable&) third_party/inspector_protocol/crdtp/dispatch.cc:560:5
    #28 0x620c893b4b52 in content::shell::protocol::ShellDevToolsSession::HandleCommand(base::span<unsigned char const, 18446744073709551615ul, unsigned char const*>, base::RepeatingCallback<void (base::span<unsigned char const, 18446744073709551615ul, unsigned char const*>)>) content/shell/browser/protocol/shell_devtools_session.cc:47:15
    #29 0x620c893a8d75 in content::ShellDevToolsManagerDelegate::HandleCommand(content::DevToolsAgentHostClientChannel*, base::span<unsigned char const, 18446744073709551615ul, unsigned char const*>, base::RepeatingCallback<void (base::span<unsigned char const, 18446744073709551615ul, unsigned char const*>)>) content/shell/browser/shell_devtools_manager_delegate.cc:216:12

previously allocated by thread T0 (content_browser) here:
    #0 0x620c761832f1 in operator new(unsigned long) (/mnt/chromium/src/out/ASan/content_browsertests+0xad862f1) (BuildId: 01da6b75b6e68a3d)
    #1 0x7f96b4c2b5b2 in content::DevToolsURLLoaderInterceptor::CreateJob(base::UnguessableToken const&, int, bool, std::__Cr::optional<std::__Cr::basic_string<char, std::__Cr::char_traits<char>, std::__Cr::allocator<char>>> const&, std::__Cr::unique_ptr<content::CreateLoaderParameters, std::__Cr::default_delete<content::CreateLoaderParameters>>, mojo::PendingReceiver<network::mojom::URLLoader>, mojo::PendingRemote<network::mojom::URLLoaderClient>, mojo::PendingRemote<network::mojom::URLLoaderFactory>, mojo::PendingRemote<network::mojom::CookieManager>) content/browser/devtools/devtools_url_loader_interceptor.cc:651:3
    #2 0x7f96b4c2cf0e in content::DevToolsURLLoaderFactoryProxy::CreateLoaderAndStart(mojo::PendingReceiver<network::mojom::URLLoader>, int, unsigned int, network::ResourceRequest const&, mojo::PendingRemote<network::mojom::URLLoaderClient>, net::MutableNetworkTrafficAnnotationTag const&) content/browser/devtools/devtools_url_loader_interceptor.cc:809:16
    #3 0x7f96af4449e4 in network::mojom::URLLoaderFactory::CreateLoaderAndStart(mojo::PendingReceiver<network::mojom::URLLoader>, int, unsigned int, network::ResourceRequest&, mojo::PendingRemote<network::mojom::URLLoaderClient>, net::MutableNetworkTrafficAnnotationTag const&) gen/services/network/public/mojom/url_loader_factory.mojom.h:92:5
    #4 0x7f96af4425c3 in network::mojom::URLLoaderFactoryStubDispatch::Accept(network::mojom::URLLoaderFactory*, mojo::Message*) gen/services/network/public/mojom/url_loader_factory.mojom.cc:349:13
    #5 0x7f96b009b6b6 in network::mojom::URLLoaderFactoryStub<mojo::RawPtrImplRefTraits<network::mojom::URLLoaderFactory>>::Accept(mojo::Message*) gen/services/network/public/mojom/url_loader_factory.mojom.h:139:12
    #6 0x7f9720d2d6be in mojo::InterfaceEndpointClient::HandleValidatedMessage(mojo::Message*) mojo/public/cpp/bindings/lib/interface_endpoint_client.cc:1085:54
    #7 0x7f9720d2c4a1 in mojo::InterfaceEndpointClient::HandleIncomingMessageThunk::Accept(mojo::Message*) mojo/public/cpp/bindings/lib/interface_endpoint_client.cc:383:18
    #8 0x7f9720d6bca3 in mojo::MessageDispatcher::Accept(mojo::Message*) mojo/public/cpp/bindings/lib/message_dispatcher.cc:51:24
    #9 0x7f9720d33570 in mojo::InterfaceEndpointClient::HandleIncomingMessage(mojo::Message*) mojo/public/cpp/bindings/lib/interface_endpoint_client.cc:747:20
    #10 0x7f9720d75d12 in mojo::internal::MultiplexRouter::ProcessIncomingMessage(mojo::internal::MultiplexRouter::MessageWrapper*, mojo::internal::MultiplexRouter::ClientCallBehavior, base::SequencedTaskRunner*) mojo/public/cpp/bindings/lib/multiplex_router.cc:1223:42
    #11 0x7f9720d74a0e in mojo::internal::MultiplexRouter::Accept(mojo::Message*) mojo/public/cpp/bindings/lib/multiplex_router.cc:809:7
    #12 0x7f9720d6bb58 in mojo::MessageDispatcher::Accept(mojo::Message*) mojo/public/cpp/bindings/lib/message_dispatcher.cc:44:19
    #13 0x7f9720ceb253 in mojo::Connector::DispatchMessage(mojo::ScopedHandleBase<mojo::MessageHandle>) mojo/public/cpp/bindings/lib/connector.cc:571:49
    #14 0x7f9720cece2a in mojo::Connector::ReadAllAvailableMessages() mojo/public/cpp/bindings/lib/connector.cc:632:14
    #15 0x7f9720cec7c2 in mojo::Connector::OnHandleReadyInternal(unsigned int) mojo/public/cpp/bindings/lib/connector.cc:452:3
    #16 0x7f9720cec635 in mojo::Connector::OnWatcherHandleReady(char const*, unsigned int) mojo/public/cpp/bindings/lib/connector.cc:418:3
    #17 0x7f9720cfa365 in void base::internal::DecayedFunctorTraits<void (mojo::Connector::*)(char const*, unsigned int), mojo::Connector*, char const* const&>::Invoke<void (mojo::Connector::*)(char const*, unsigned int), mojo::Connector*, char const*, unsigned int>(void (mojo::Connector::*)(char const*, unsigned int), mojo::Connector*&&, char const*&&, unsigned int&&) base/functional/bind_internal.h:740:12
    #18 0x7f9720cfa03e in void base::internal::InvokeHelper<false, base::internal::FunctorTraits<void (mojo::Connector::* const&)(char const*, unsigned int), mojo::Connector*, char const* const&>, void, 0ul, 1ul>::MakeItSo<void (mojo::Connector::* const&)(char const*, unsigned int), std::__Cr::tuple<base::internal::UnretainedWrapper<mojo::Connector, base::unretained_traits::MayNotDangle, (partition_alloc::internal::RawPtrTraits)0>, base::internal::UnretainedWrapper<char const, base::unretained_traits::MayNotDangle, (partition_alloc::internal::RawPtrTraits)0>> const&, unsigned int>(void (mojo::Connector::* const&)(char const*, unsigned int), std::__Cr::tuple<base::internal::UnretainedWrapper<mojo::Connector, base::unretained_traits::MayNotDangle, (partition_alloc::internal::RawPtrTraits)0>, base::internal::UnretainedWrapper<char const, base::unretained_traits::MayNotDangle, (partition_alloc::internal::RawPtrTraits)0>> const&, unsigned int&&) base/functional/bind_internal.h:932:12
    #19 0x7f9720cf9d61 in void base::internal::Invoker<base::internal::FunctorTraits<void (mojo::Connector::* const&)(char const*, unsigned int), mojo::Connector*, char const* const&>, base::internal::BindState<true, true, false, void (mojo::Connector::*)(char const*, unsigned int), base::internal::UnretainedWrapper<mojo::Connector, base::unretained_traits::MayNotDangle, (partition_alloc::internal::RawPtrTraits)0>, base::internal::UnretainedWrapper<char const, base::unretained_traits::MayNotDangle, (partition_alloc::internal::RawPtrTraits)0>>, void (unsigned int)>::RunImpl<void (mojo::Connector::* const&)(char const*, unsigned int), std::__Cr::tuple<base::internal::UnretainedWrapper<mojo::Connector, base::unretained_traits::MayNotDangle, (partition_alloc::internal::RawPtrTraits)0>, base::internal::UnretainedWrapper<char const, base::unretained_traits::MayNotDangle, (partition_alloc::internal::RawPtrTraits)0>> const&, 0ul, 1ul>(void (mojo::Connector::* const&)(char const*, unsigned int), std::__Cr::tuple<base::internal::UnretainedWrapper<mojo::Connector, base::unretained_traits::MayNotDangle, (partition_alloc::internal::RawPtrTraits)0>, base::internal::UnretainedWrapper<char const, base::unretained_traits::MayNotDangle, (partition_alloc::internal::RawPtrTraits)0>> const&, std::__Cr::integer_sequence<unsigned long, 0ul, 1ul>, unsigned int&&) base/functional/bind_internal.h:1069:14
    #20 0x7f9720cf9b43 in base::internal::Invoker<base::internal::FunctorTraits<void (mojo::Connector::* const&)(char const*, unsigned int), mojo::Connector*, char const* const&>, base::internal::BindState<true, true, false, void (mojo::Connector::*)(char const*, unsigned int), base::internal::UnretainedWrapper<mojo::Connector, base::unretained_traits::MayNotDangle, (partition_alloc::internal::RawPtrTraits)0>, base::internal::UnretainedWrapper<char const, base::unretained_traits::MayNotDangle, (partition_alloc::internal::RawPtrTraits)0>>, void (unsigned int)>::Run(base::internal::BindStateBase*, unsigned int) base/functional/bind_internal.h:989:12
    #21 0x7f9720cf86e8 in base::RepeatingCallback<void (unsigned int)>::Run(unsigned int) const & base/functional/callback.h:346:12
    #22 0x7f9720cf788e in mojo::SimpleWatcher::DiscardReadyState(base::RepeatingCallback<void (unsigned int)> const&, unsigned int, mojo::HandleSignalsState const&) mojo/public/cpp/system/simple_watcher.h:192:14
    #23 0x7f9720cf7f71 in void base::internal::DecayedFunctorTraits<void (*)(base::RepeatingCallback<void (unsigned int)> const&, unsigned int, mojo::HandleSignalsState const&), base::RepeatingCallback<void (unsigned int)> const&>::Invoke<void (* const&)(base::RepeatingCallback<void (unsigned int)> const&, unsigned int, mojo::HandleSignalsState const&), base::RepeatingCallback<void (unsigned int)> const&, unsigned int, mojo::HandleSignalsState const&>(void (* const&)(base::RepeatingCallback<void (unsigned int)> const&, unsigned int, mojo::HandleSignalsState const&), base::RepeatingCallback<void (unsigned int)> const&, unsigned int&&, mojo::HandleSignalsState const&) base/functional/bind_internal.h:673:12
    #24 0x7f9720cf7ea9 in void base::internal::InvokeHelper<false, base::internal::FunctorTraits<void (* const&)(base::RepeatingCallback<void (unsigned int)> const&, unsigned int, mojo::HandleSignalsState const&), base::RepeatingCallback<void (unsigned int)> const&>, void, 0ul>::MakeItSo<void (* const&)(base::RepeatingCallback<void (unsigned int)> const&, unsigned int, mojo::HandleSignalsState const&), std::__Cr::tuple<base::RepeatingCallback<void (unsigned int)>> const&, unsigned int, mojo::HandleSignalsState const&>(void (* const&)(base::RepeatingCallback<void (unsigned int)> const&, unsigned int, mojo::HandleSignalsState const&), std::__Cr::tuple<base::RepeatingCallback<void (unsigned int)>> const&, unsigned int&&, mojo::HandleSignalsState const&) base/functional/bind_internal.h:932:12
    #25 0x7f9720cf7d1c in void base::internal::Invoker<base::internal::FunctorTraits<void (* const&)(base::RepeatingCallback<void (unsigned int)> const&, unsigned int, mojo::HandleSignalsState const&), base::RepeatingCallback<void (unsigned int)> const&>, base::internal::BindState<false, true, false, void (*)(base::RepeatingCallback<void (unsigned int)> const&, unsigned int, mojo::HandleSignalsState const&), base::RepeatingCallback<void (unsigned int)>>, void (unsigned int, mojo::HandleSignalsState const&)>::RunImpl<void (* const&)(base::RepeatingCallback<void (unsigned int)> const&, unsigned int, mojo::HandleSignalsState const&), std::__Cr::tuple<base::RepeatingCallback<void (unsigned int)>> const&, 0ul>(void (* const&)(base::RepeatingCallback<void (unsigned int)> const&, unsigned int, mojo::HandleSignalsState const&), std::__Cr::tuple<base::RepeatingCallback<void (unsigned int)>> const&, std::__Cr::integer_sequence<unsigned long, 0ul>, unsigned int&&, mojo::HandleSignalsState const&) base/functional/bind_internal.h:1069:14
    #26 0x7f9720cf7b1b in base::internal::Invoker<base::internal::FunctorTraits<void (* const&)(base::RepeatingCallback<void (unsigned int)> const&, unsigned int, mojo::HandleSignalsState const&), base::RepeatingCallback<void (unsigned int)> const&>, base::internal::BindState<false, true, false, void (*)(base::RepeatingCallback<void (unsigned int)> const&, unsigned int, mojo::HandleSignalsState const&), base::RepeatingCallback<void (unsigned int)>>, void (unsigned int, mojo::HandleSignalsState const&)>::Run(base::internal::BindStateBase*, unsigned int, mojo::HandleSignalsState const&) base/functional/bind_internal.h:989:12
    #27 0x7f9715db4a50 in base::RepeatingCallback<void (unsigned int, mojo::HandleSignalsState const&)>::Run(unsigned int, mojo::HandleSignalsState const&) const & base/functional/callback.h:346:12
    #28 0x7f9715db12aa in mojo::SimpleWatcher::OnHandleReady(int, unsigned int, mojo::HandleSignalsState const&) mojo/public/cpp/system/simple_watcher.cc:286:14
    #29 0x7f9715db5c3e in void base::internal::DecayedFunctorTraits<void (mojo::SimpleWatcher::*)(int, unsigned int, mojo::HandleSignalsState const&), base::WeakPtr<mojo::SimpleWatcher>&&, int&&, unsigned int&&, mojo::HandleSignalsState&&>::Invoke<void (mojo::SimpleWatcher::*)(int, unsigned int, mojo::HandleSignalsState const&), base::WeakPtr<mojo::SimpleWatcher> const&, int, unsigned int, mojo::HandleSignalsState>(void (mojo::SimpleWatcher::*)(int, unsigned int, mojo::HandleSignalsState const&), base::WeakPtr<mojo::SimpleWatcher> const&, int&&, unsigned int&&, mojo::HandleSignalsState&&) base/functional/bind_internal.h:740:12

Shadow bytes around the buggy address:
  0x7d25c3ad7700: fd fd fd fd fd fd fd fd fd fd fd fd fd fd fd fd
  0x7d25c3ad7780: fd fd fd fd fd fd fd fd fd fd fd fd fd fd fd fd
  0x7d25c3ad7800: fd fd fd fd fd fd fd fd fd fd fd fd fd fd fd fd
  0x7d25c3ad7880: fd fd fd fd fd fd fd fd fd fd fd fd fd fd fd fd
  0x7d25c3ad7900: fd fd fd fd fd fd fd fd fd fd fd fd fd fd fd fd
=>0x7d25c3ad7980: fd fd fd fd[fd]fd fd fd fd fd fd fd fd fd fd fd
  0x7d25c3ad7a00: fd fd fd fd fa fa fa fa fa fa fa fa fa fa fa fa
  0x7d25c3ad7a80: fa fa fa fa fa fa fa fa fa fa fa fa fa fa fa fa
  0x7d25c3ad7b00: fa fa fa fa fa fa fa fa fa fa fa fa fa fa f7 fa
  0x7d25c3ad7b80: 00 00 00 00 00 00 00 00 00 00 00 00 00 00 00 00
  0x7d25c3ad7c00: 00 00 00 00 00 00 00 00 00 00 00 00 00 00 00 00
Shadow byte legend (one shadow byte represents 8 application bytes):
  Addressable:           00
  Partially addressable: 01 02 03 04 05 06 07 
  Heap left redzone:       fa
  Freed heap region:       fd
  Stack left redzone:      f1
  Stack mid redzone:       f2
  Stack right redzone:     f3
  Stack after return:      f5
  Stack use after scope:   f8
  Global redzone:          f9
  Global init order:       f6
  Poisoned by user:        f7
  Container overflow:      fc
  Array cookie:            ac
  Intra object redzone:    bb
  ASan internal:           fe
  Left alloca redzone:     ca
  Right alloca redzone:    cb
WARNING: All log messages before absl::InitializeLog() is called are written to STDERR
E0000 00:00:1783752040.795094   11097 runtime.cc:173] Failed to extract sanitizer crash type: INVALID_ARGUMENT: No `SUMMARY: ` prefix in sanitizer error summary: 
==11097==ADDITIONAL INFO
=== Source Location Trace: ===
../../third_party/fuzztest/src/fuzztest/internal/sanitizer_interface.cc:31

E0000 00:00:1783752040.796408   11097 runtime.cc:173] Failed to extract sanitizer crash type: INVALID_ARGUMENT: No `SUMMARY: ` prefix in sanitizer error summary: 
==11097==Note: Please include this section with the ASan report.
=== Source Location Trace: ===
../../third_party/fuzztest/src/fuzztest/internal/sanitizer_interface.cc:31

E0000 00:00:1783752040.796513   11097 runtime.cc:173] Failed to extract sanitizer crash type: INVALID_ARGUMENT: No `SUMMARY: ` prefix in sanitizer error summary: Task trace:
=== Source Location Trace: ===
../../third_party/fuzztest/src/fuzztest/internal/sanitizer_interface.cc:31

E0000 00:00:1783752040.796758   11097 runtime.cc:173] Failed to extract sanitizer crash type: INVALID_ARGUMENT: No `SUMMARY: ` prefix in sanitizer error summary:     #0 0x7f9715db4ec8 in mojo::SimpleWatcher::Context::Notify(unsigned int, MojoHandleSignalsState, unsigned int) mojo/public/cpp/system/simple_watcher.cc:103:13
=== Source Location Trace: ===
../../third_party/fuzztest/src/fuzztest/internal/sanitizer_interface.cc:31

E0000 00:00:1783752040.796812   11097 runtime.cc:173] Failed to extract sanitizer crash type: INVALID_ARGUMENT: No `SUMMARY: ` prefix in sanitizer error summary: 
=== Source Location Trace: ===
../../third_party/fuzztest/src/fuzztest/internal/sanitizer_interface.cc:31

E0000 00:00:1783752040.797047   11097 runtime.cc:173] Failed to extract sanitizer crash type: INVALID_ARGUMENT: No `SUMMARY: ` prefix in sanitizer error summary: 
Command line: `out/ASan/content_browsertests --disable-gpu-process-for-dx12-info-collection --gtest_filter=DevToolsFetchGetResponseBodyTest.* --no-sandbox --single-process-tests --user-data-dir=/tmp/org.chromium.Chromium.scoped_dir.BJXPIv --ip-address-space-overrides=127.0.0.1:0=public,[::1]:0=public --use-fake-device-for-media-stream --browser-test --ipc-connection-timeout=60 --log-missing-unload-ack --dom-automation --log-gpu-control-list-decisions --disable-d3d11-warp --disable-backgrounding-occluded-windows --disable-ignore-duplicate-navs-for-testing --disable-gl-drawing-for-tests --override-use-software-gl-for-tests --force-color-profile=srgb --enable-features=*TestBlinkFeatureDefault,TestFeatureForBrowserTest1 --disable-features=TestFeatureForBrowserTest2 --disable-gpu-process-for-dx12-info-collection --disable-platform-accessibility-integration`

=== Source Location Trace: ===
../../third_party/fuzztest/src/fuzztest/internal/sanitizer_interface.cc:31

E0000 00:00:1783752040.827835   11097 runtime.cc:173] Failed to extract sanitizer crash type: INVALID_ARGUMENT: No `SUMMARY: ` prefix in sanitizer error summary: 
MiraclePtr Status: NOT PROTECTED
No raw_ptr<T> access to this region was detected prior to this crash.
This crash is still exploitable with MiraclePtr.
Refer to https://chromium.googlesource.com/chromium/src/+/main/base/memory/raw_ptr.md for details.
=== Source Location Trace: ===
../../third_party/fuzztest/src/fuzztest/internal/sanitizer_interface.cc:31

E0000 00:00:1783752040.827960   11097 runtime.cc:173] Failed to extract sanitizer crash type: INVALID_ARGUMENT: No `SUMMARY: ` prefix in sanitizer error summary: 
==11097==END OF ADDITIONAL INFO
=== Source Location Trace: ===
../../third_party/fuzztest/src/fuzztest/internal/sanitizer_interface.cc:31

E0000 00:00:1783752040.828010   11097 runtime.cc:173] Failed to extract sanitizer crash type: INVALID_ARGUMENT: No `SUMMARY: ` prefix in sanitizer error summary: 
==11097==ABORTING
=== Source Location Trace: ===
../../third_party/fuzztest/src/fuzztest/internal/sanitizer_interface.cc:31

[11210:11210:0100/000000.939257:ERROR:content/renderer/render_process_impl.cc:220] WebFrame LEAKED 1 TIMES
[11138:11138:0100/000000.943997:ERROR:ui/gfx/x/connection.cc:66] X connection error received.
