IMPORTANT DEBUGGING NOTE: batches of tests are run inside their
own process. For debugging a test inside a debugger, use the
--gtest_filter=<your_test_name> flag along with
--single-process-tests.
Using sharding settings from environment. This is shard 0/1
Using 1 parallel jobs.
Note: Google Test filter = GpuMemoryBufferHandleDeathTest.EmptyHandleSafeGuardDoesNotDie
[==========] Running 1 test from 1 test suite.
[----------] Global test environment set-up.
[----------] 1 test from GpuMemoryBufferHandleDeathTest
[ RUN      ] GpuMemoryBufferHandleDeathTest.EmptyHandleSafeGuardDoesNotDie
[       OK ] GpuMemoryBufferHandleDeathTest.EmptyHandleSafeGuardDoesNotDie (0 ms)
[----------] 1 test from GpuMemoryBufferHandleDeathTest (4 ms total)

[----------] Global test environment tear-down
[==========] 1 test from 1 test suite ran. (5 ms total)
[  PASSED  ] 1 test.
[1/1] GpuMemoryBufferHandleDeathTest.EmptyHandleSafeGuardDoesNotDie (0 ms)
SUCCESS: all tests passed.
Tests took 0 seconds.
GREEN_EXIT:0
