IMPORTANT DEBUGGING NOTE: batches of tests are run inside their
own process. For debugging a test inside a debugger, use the
--gtest_filter=<your_test_name> flag along with
--single-process-tests.
Using sharding settings from environment. This is shard 0/1
Using 1 parallel jobs.
Note: Google Test filter = GpuMemoryBufferHandleDeathTest.EmptyHandleTypedAccessorChecks
[==========] Running 1 test from 1 test suite.
[----------] Global test environment set-up.
[----------] 1 test from GpuMemoryBufferHandleDeathTest
[ RUN      ] GpuMemoryBufferHandleDeathTest.EmptyHandleTypedAccessorChecks
[       OK ] GpuMemoryBufferHandleDeathTest.EmptyHandleTypedAccessorChecks (459 ms)
[----------] 1 test from GpuMemoryBufferHandleDeathTest (460 ms total)

[----------] Global test environment tear-down
[==========] 1 test from 1 test suite ran. (460 ms total)
[  PASSED  ] 1 test.
[1/1] GpuMemoryBufferHandleDeathTest.EmptyHandleTypedAccessorChecks (459 ms)
SUCCESS: all tests passed.
Tests took 1 seconds.
RED_STILL_EXIT:0
